Script started on Sun Feb 13 16:53:36 1994
fuzzy:/usr/src/linux# make config
/bin/sh Configure  < config.in
*
* General setup
*
Kernel math emulation (CONFIG_MATH_EMULATION) [y] 
Normal harddisk support (CONFIG_BLK_DEV_HD) [y] 
XT harddisk support (CONFIG_BLK_DEV_XD) [n] 
TCP/IP networking (CONFIG_INET) [y] 
Limit memory to low 16MB (CONFIG_MAX_16M) [n] 
System V IPC (CONFIG_SYSVIPC) [y] 
Use -m486 flag for 486-specific optimizations (CONFIG_M486) [y] 
*
* Program binary formats
*
Elf executables (CONFIG_BINFMT_ELF) [y] 
COFF executables (CONFIG_BINFMT_COFF) [y] 
*
* SCSI support
*
SCSI support? (CONFIG_SCSI) [n] y
	*
	* SCSI support type (disk, tape, CDrom)
	*
Scsi disk support (CONFIG_BLK_DEV_SD) [y] 
Scsi tape support (CONFIG_CHR_DEV_ST) [y] 
Scsi CDROM support (CONFIG_BLK_DEV_SR) [y] 
Scsi generic support (CONFIG_CHR_DEV_SG) [y] 
	*
	* SCSI low-level drivers
	*
Adaptec AHA152X support (CONFIG_SCSI_AHA152X) [y] 
Adaptec AHA1542 support (CONFIG_SCSI_AHA1542) [y] 
Adaptec AHA1740 support (CONFIG_SCSI_AHA1740) [y] 
Future Domain 16xx SCSI support (CONFIG_SCSI_FUTURE_DOMAIN) [y] 
Generic NCR5380 SCSI support (CONFIG_SCSI_GENERIC_NCR5380) [y] 
PAS16 SCSI support (CONFIG_SCSI_PAS16) [y] 
Seagate ST-02 and Future Domain TMC-8xx SCSI support (CONFIG_SCSI_SEAGATE) [y] 
Trantor T128/T128F/T228 SCSI support (CONFIG_SCSI_T128) [y] 
UltraStor SCSI support (CONFIG_SCSI_ULTRASTOR) [y] 
7000FASST SCSI support (CONFIG_SCSI_7000FASST) [y] 
*
* Network device support
*
Network device support? (CONFIG_ETHERCARDS) [y] 
SLIP (serial line) support (CONFIG_SLIP) [n] y
 CSLIP compressed headers (SL_COMPRESSED) [y] 
PLIP (parallel port) support (CONFIG_PLIP) [n] 
NE2000/NE1000 support (CONFIG_NE2000) [n] 
WD80*3 support (CONFIG_WD80x3) [y] n
SMC Ultra support (CONFIG_ULTRA) [n] 
3c501 support (CONFIG_EL1) [n] 
3c503 support (CONFIG_EL2) [n] 
3c509/3c579 support (CONFIG_EL3) [n] 
HP PCLAN support (CONFIG_HPLAN) [n] 
AT1500 and NE2100 (LANCE and PCnet-ISA) support (CONFIG_LANCE) [n] 
AT1700 support (CONFIG_AT1700) [n] 
D-Link DE600 pocket adaptor support (CONFIG_DE600) [n] 
AT-LAN-TEC/RealTek pocket adaptor support (CONFIG_ATP) [n] 
*
Sony CDU31A CDROM driver support (CONFIG_CDU31A) [n] 
Mitsumi CDROM driver support (CONFIG_MCD) [n] 
Matsushita/Panasonic CDROM driver support (CONFIG_SBPCD) [n] 
*
* Filesystems
*
Standard (minix) fs support (CONFIG_MINIX_FS) [y] 
Extended fs support (CONFIG_EXT_FS) [n] 
Second extended fs support (CONFIG_EXT2_FS) [y] 
xiafs filesystem support (CONFIG_XIA_FS) [n] 
msdos fs support (CONFIG_MSDOS_FS) [y] 
umsdos: Unix like fs on top of std MSDOS FAT fs (CONFIG_UMSDOS_FS) [y] y
/proc filesystem support (CONFIG_PROC_FS) [y] 
NFS filesystem support (CONFIG_NFS_FS) [y] n
ISO9660 cdrom filesystem support (CONFIG_ISO9660_FS) [n] y
OS/2 HPFS filesystem support (read only) (CONFIG_HPFS_FS) [n] y
System V and Coherent filesystem support (CONFIG_SYSV_FS) [n] 
*
*  character devices
*
Parallel printer support (CONFIG_PRINTER) [y] 
Logitech busmouse support (CONFIG_BUSMOUSE) [n] 
PS/2 mouse (aka "auxiliary device") support (CONFIG_PSMOUSE) [y] 
C&T 82C710 mouse port support (as on TI Travelmate) (CONFIG_82C710_MOUSE) [y] 
Microsoft busmouse support (CONFIG_MS_BUSMOUSE) [n] 
ATIXL busmouse support (CONFIG_ATIXL_BUSMOUSE) [n] 
Selection (cut and paste for virtual consoles) (CONFIG_SELECTION) [y] 
QIC-02 tape support (CONFIG_TAPE_QIC02) [n] 
QIC-117 tape support (CONFIG_FTAPE) [n] 
*
* Sound
*
Sound card support (CONFIG_SOUND) [n] 
*
* Kernel hacking
*
Kernel profiling support (CONFIG_PROFILE) [n] 
Verbose scsi error reporting (kernel size +=12K) (CONFIG_SCSI_CONSTANTS) [y] n

The linux kernel is now hopefully configured for your setup.
Check the top-level Makefile for additional configuration,
and do a 'make dep ; make clean' if you want to be sure all
the files are correctly re-made

mv .config~ .config
fuzzy:/usr/src/linux# ls -l
total 235
-rw-r--r--   1 root     root         6052 Dec  1 06:44 [00mCHANGES[0m
-rw-r--r--   1 root     root        18458 Dec  1 06:44 [00mCOPYING[0m
-rw-r--r--   1 root     root         5841 Dec  1 06:44 [00mConfigure[0m
-rw-r--r--   1 root     root         6790 Feb  3 06:16 [00mMakefile[0m
-rw-r--r--   1 root     root         7758 Dec 15 02:03 [00mREADME[0m
drwxr-xr-x   2 root     root         1024 Feb 12 17:33 [01;34mboot[0m
-rw-r--r--   1 root     root         4837 Feb 13 16:54 [00mconfig.in[0m
-rw-r--r--   1 root     root         4765 Feb  3 05:27 [00mconfig.in.orig[0m
-rw-r--r--   1 root     root         4839 Feb 12 23:50 [00mconfig.old[0m
drwxr-xr-x   8 root     root         1024 Feb 12 17:34 [01;34mdrivers[0m
drwxr-xr-x  13 root     root         1024 Feb 12 23:50 [01;34mfs[0m
drwxr-xr-x   2 root     root         1024 Feb 12 17:34 [01;34mibcs[0m
drwxr-xr-x   4 root     root         1024 Feb 12 17:34 [01;34minclude[0m
drwxr-xr-x   2 root     root         1024 Feb 12 23:50 [01;34minit[0m
drwxr-xr-x   2 root     root         1024 Feb 12 17:34 [01;34mipc[0m
drwxr-xr-x   2 root     root         1024 Feb 12 17:34 [01;34mkernel[0m
drwxr-xr-x   2 root     root         1024 Feb 12 17:34 [01;34mlib[0m
-rwxr-xr-x   1 root     root          166 Dec  1 06:44 [01;32mmakever.sh[0m
drwxr-xr-x   2 root     root         1024 Feb 12 23:50 [01;34mmm[0m
drwxr-xr-x   4 root     root         1024 Feb 12 17:34 [01;34mnet[0m
drwxr-xr-x   2 root     root         1024 Feb 12 17:34 [01;34mtools[0m
-rw-r--r--   1 root     root       157783 Feb 12 23:50 [00mumsdos-0.2.diff[0m
-rw-r--r--   1 root     root         3072 Feb 13 16:54 [00mumskern.log[0m
drwxr-xr-x   2 root     root         1024 Feb 12 17:34 [01;34mzBoot[0m
fuzzy:/usr/src/linux# cp umskern.log /root/
fuzzy:/usr/src/linux# exit
exit

Script done on Sun Feb 13 16:54:54 1994
