Script started on Fri Feb  4 15:17:43 1994
fuzzy:/usr/src/linux# make config
/bin/sh Configure  < config.in
*
* General setup
*
Kernel math emulation (CONFIG_MATH_EMULATION) [y] 
Normal harddisk support (CONFIG_BLK_DEV_HD) [y] 
XT harddisk support (CONFIG_BLK_DEV_XD) [n] y
TCP/IP networking (CONFIG_INET) [y] 
Limit memory to low 16MB (CONFIG_MAX_16M) [n] 
System V IPC (CONFIG_SYSVIPC) [y] 
Use -m486 flag for 486-specific optimizations (CONFIG_M486) [y] 
*
* Program binary formats
*
Elf executables (CONFIG_BINFMT_ELF) [y] 
COFF executables (CONFIG_BINFMT_COFF) [y] 
*
* SCSI support
*
SCSI support? (CONFIG_SCSI) [n] 
:
: Skipping SCSI configuration options...
:
*
* Network device support
*
Network device support? (CONFIG_ETHERCARDS) [y] 
SLIP (serial line) support (CONFIG_SLIP) [n] y
 CSLIP compressed headers (SL_COMPRESSED) [y] y
PLIP (parallel port) support (CONFIG_PLIP) [n] 
NE2000/NE1000 support (CONFIG_NE2000) [n] y
WD80*3 support (CONFIG_WD80x3) [y] 
SMC Ultra support (CONFIG_ULTRA) [n] y
3c501 support (CONFIG_EL1) [n] y
3c503 support (CONFIG_EL2) [n] y
3c509/3c579 support (CONFIG_EL3) [n] y
HP PCLAN support (CONFIG_HPLAN) [n] y
AT1500 and NE2100 (LANCE and PCnet-ISA) support (CONFIG_LANCE) [n] y
AT1700 support (CONFIG_AT1700) [n] y
D-Link DE600 pocket adaptor support (CONFIG_DE600) [n] y
AT-LAN-TEC/RealTek pocket adaptor support (CONFIG_ATP) [n] y
*
Sony CDU31A CDROM driver support (CONFIG_CDU31A) [n] 
Mitsumi CDROM driver support (CONFIG_MCD) [n] y
Matsushita/Panasonic CDROM driver support (CONFIG_SBPCD) [n] 
*
* Filesystems
*
Standard (minix) fs support (CONFIG_MINIX_FS) [y] 
Extended fs support (CONFIG_EXT_FS) [n] 
Second extended fs support (CONFIG_EXT2_FS) [y] 
xiafs filesystem support (CONFIG_XIA_FS) [n] y
msdos fs support (CONFIG_MSDOS_FS) [y] 
/proc filesystem support (CONFIG_PROC_FS) [y] 
NFS filesystem support (CONFIG_NFS_FS) [y] 
ISO9660 cdrom filesystem support (CONFIG_ISO9660_FS) [n] y
OS/2 HPFS filesystem support (read only) (CONFIG_HPFS_FS) [n] y
System V and Coherent filesystem support (CONFIG_SYSV_FS) [n] 
*
*  character devices
*
Parallel printer support (CONFIG_PRINTER) [y] 
Logitech busmouse support (CONFIG_BUSMOUSE) [n] 
PS/2 mouse (aka "auxiliary device") support (CONFIG_PSMOUSE) [y] 
C&T 82C710 mouse port support (as on TI Travelmate) (CONFIG_82C710_MOUSE) [y] 
Microsoft busmouse support (CONFIG_MS_BUSMOUSE) [n] 
ATIXL busmouse support (CONFIG_ATIXL_BUSMOUSE) [n] 
Selection (cut and paste for virtual consoles) (CONFIG_SELECTION) [y] 
QIC-02 tape support (CONFIG_TAPE_QIC02) [n] 
QIC-117 tape support (CONFIG_FTAPE) [n] 
*
* Sound
*
Sound card support (CONFIG_SOUND) [n] 
*
* Kernel hacking
*
Kernel profiling support (CONFIG_PROFILE) [n] 

The linux kernel is now hopefully configured for your setup.
Check the top-level Makefile for additional configuration,
and do a 'make dep ; make clean' if you want to be sure all
the files are correctly re-made

mv .config~ .config
You have new mail in /var/spool/mail/root
fuzzy:/usr/src/linux# exit
Script done on Fri Feb  4 15:18:51 1994
