Script started on Sat May 14 01:22:04 1994
fuzzy:/usr/src/linux-1.0.9# make condi  fig
/bin/sh Configure  < config.in
*
* General setup
*
Kernel math emulation (CONFIG_MATH_EMULATION) [y] 
Normal harddisk support (CONFIG_BLK_DEV_HD) [y] 
XT harddisk support (CONFIG_BLK_DEV_XD) [n] y
TCP/IP networking (CONFIG_INET) [y] 
Limit memory to low 16MB (CONFIG_MAX_16M) [n] 
System V IPC (CONFIG_SYSVIPC) [y] 
Use -m486 flag for 486-specific optimizations (CONFIG_M486) [y] 
*
* Program binary formats
*
Elf executables (CONFIG_BINFMT_ELF) [n] 
COFF executables (CONFIG_BINFMT_COFF) [n] 
*
* SCSI support
*
SCSI support? (CONFIG_SCSI) [y] n
:
: Skipping SCSI configuration options...
:
*
* Network device support
*
Network device support? (CONFIG_ETHERCARDS) [n] 
:
: Skipping ethercard configuration options...
:
*
Sony CDU31A CDROM driver support (CONFIG_CDU31A) [n] 
Mitsumi CDROM driver support (CONFIG_MCD) [n] 
Matsushita/Panasonic CDROM driver support (CONFIG_SBPCD) [n] 
*
* Filesystems
*
Standard (minix) fs support (CONFIG_MINIX_FS) [y] 
Extended fs support (CONFIG_EXT_FS) [n] 
Second extended fs support (CONFIG_EXT2_FS) [y] 
xiafs filesystem support (CONFIG_XIA_FS) [y] 
msdos fs support (CONFIG_MSDOS_FS) [y] 
umsdos: Unix like fs on top of std MSDOS FAT fs (CONFIG_UMSDOS_FS) [y] 
/proc filesystem support (CONFIG_PROC_FS) [y] 
NFS filesystem support (CONFIG_NFS_FS) [n] 
ISO9660 cdrom filesystem support (CONFIG_ISO9660_FS) [y] n
OS/2 HPFS filesystem support (read only) (CONFIG_HPFS_FS) [y] n
System V and Coherent filesystem support (CONFIG_SYSV_FS) [n] 
*
*  character devices
*
Parallel printer support (CONFIG_PRINTER) [n] 
Logitech busmouse support (CONFIG_BUSMOUSE) [n] 
PS/2 mouse (aka "auxiliary device") support (CONFIG_PSMOUSE) [n] 
Microsoft busmouse support (CONFIG_MS_BUSMOUSE) [n] 
ATIXL busmouse support (CONFIG_ATIXL_BUSMOUSE) [n] 
Selection (cut and paste for virtual consoles) (CONFIG_SELECTION) [n] 
QIC-02 tape support (CONFIG_TAPE_QIC02) [n] 
QIC-117 tape support (CONFIG_FTAPE) [y] 
 number of ftape buffers (NR_FTAPE_BUFFERS) [3] 
*
* Sound
*
Sound card support (CONFIG_SOUND) [n] 
*
* Kernel hacking
*
Kernel profiling support (CONFIG_PROFILE) [n] 

The linux kernel is now hopefully configured for your setup.
Check the top-level Makefile for additional configuration,
and do a 'make dep ; make clean' if you want to be sure all
the files are correctly re-made

mv .tmpconfig .config
fuzzy:/usr/src/linux-1.0.9# exit
exit

Script done on Sat May 14 01:22:47 1994
